// Jest Snapshot v1, https://goo.gl/fbAQLP

exports[`Should Property render correctly 1`] = `
<div
  className="page"
>
  <header
    className="header"
  >
    <div
      className="container"
    >
      <div
        className="header__wrapper"
      >
        <div
          className="header__left"
        >
          <a
            className="header__logo-link"
            href="/"
            onClick={[Function]}
          >
            <img
              alt="6 cities logo"
              className="header__logo"
              height="41"
              src="/img/logo.svg"
              width="81"
            />
          </a>
        </div>
        <nav
          className="header__nav"
        >
          <ul
            className="header__nav-list"
          >
            <li
              className="header__nav-item user"
            >
              <a
                className="header__nav-link header__nav-link--profile"
                href="/favorites"
                onClick={[Function]}
              >
                <div
                  className="header__avatar-wrapper user__avatar-wrapper"
                />
                <span
                  className="header__user-name user__name"
                >
                  qwerty@qwerty.ru
                </span>
              </a>
            </li>
          </ul>
        </nav>
      </div>
    </div>
  </header>
  <h1
    className="property__name"
  >
    <div
      aria-busy="true"
      className=""
      style={Object {}}
    >
      <svg
        aria-label="audio-loading"
        fill="#4873FA"
        height={200}
        viewBox="0 0 120 30"
        width={200}
        xmlns="http://www.w3.org/2000/svg"
      >
        <circle
          cx="15"
          cy="15"
          r={15}
        >
          <animate
            attributeName="r"
            begin="0s"
            calcMode="linear"
            dur="0.8s"
            from="15"
            repeatCount="indefinite"
            to="15"
            values="15;9;15"
          />
          <animate
            attributeName="fillOpacity"
            begin="0s"
            calcMode="linear"
            dur="0.8s"
            from="1"
            repeatCount="indefinite"
            to="1"
            values="1;.5;1"
          />
        </circle>
        <circle
          attributeName="fillOpacity"
          cx="60"
          cy="15"
          from="1"
          r={9}
          to="0.3"
        >
          <animate
            attributeName="r"
            begin="0s"
            calcMode="linear"
            dur="0.8s"
            from="9"
            repeatCount="indefinite"
            to="9"
            values="9;15;9"
          />
          <animate
            attributeName="fillOpacity"
            begin="0s"
            calcMode="linear"
            dur="0.8s"
            from="0.5"
            repeatCount="indefinite"
            to="0.5"
            values=".5;1;.5"
          />
        </circle>
        <circle
          cx="105"
          cy="15"
          r={15}
        >
          <animate
            attributeName="r"
            begin="0s"
            calcMode="linear"
            dur="0.8s"
            from="15"
            repeatCount="indefinite"
            to="15"
            values="15;9;15"
          />
          <animate
            attributeName="fillOpacity"
            begin="0s"
            calcMode="linear"
            dur="0.8s"
            from="1"
            repeatCount="indefinite"
            to="1"
            values="1;.5;1"
          />
        </circle>
      </svg>
    </div>
  </h1>
</div>
`;
